Laporan Deteksi Anomali
Dibuat pada: 2025-06-10 00:02:23
Total log yang dianalisis: 2239541
Jumlah anomali terdeteksi: 1152158

Anomali Teratas:
--------------------------------------------------------------------------------
Index: 1156469
Skor: 0.8438
Log: 081110 104521 8931 WARN dfs.DataNode$DataTransfer: 10.251.203.179:50010:Failed to transfer blk_9122720022222323339 to 10.251.91.32:50010 got java.io.IOException: Connection reset by peer
--------------------------------------------------------------------------------
Index: 900640
Skor: 0.8431
Log: 081110 104552 9165 WARN dfs.DataNode$DataTransfer: 10.251.31.180:50010:Failed to transfer blk_3311461718180475343 to 10.251.91.32:50010 got java.io.IOException: Connection reset by peer
--------------------------------------------------------------------------------
Index: 375731
Skor: 0.8393
Log: 081110 143119 19 WARN dfs.DataNode: org.apache.hadoop.util.Shell$ExitCodeException: du: cannot access `/mnt/hadoop/dfs/data/tmp/blk_-7127193178912698966.meta': No such file or directory
--------------------------------------------------------------------------------
Index: 1023033
Skor: 0.8393
Log: 081110 213333 19 WARN dfs.DataNode: org.apache.hadoop.util.Shell$ExitCodeException: du: cannot access `/mnt/hadoop/dfs/data/tmp/blk_-5525258413754942383.meta': No such file or directory
--------------------------------------------------------------------------------
Index: 1609855
Skor: 0.8371
Log: 081111 023342 17705 ERROR dfs.DataNode$DataXceiver: 10.251.67.4:50010:DataXceiver: java.io.IOException: Block blk_6700788852649232097 is not valid.
--------------------------------------------------------------------------------
Index: 1912867
Skor: 0.8304
Log: 081110 104106 9149 ERROR dfs.DataNode$DataXceiver: 10.251.90.64:50010:DataXceiver: java.io.IOException: Block blk_7162246307091465257 is valid, and cannot be written to.
--------------------------------------------------------------------------------
Index: 933128
Skor: 0.8285
Log: du: cannot access `/mnt/hadoop/dfs/data/tmp/blk_-929729437274525861': No such file or directory
--------------------------------------------------------------------------------
Index: 1429736
Skor: 0.8240
Log: 081110 143335 19 WARN dfs.DataNode: org.apache.hadoop.util.Shell$ExitCodeException: du: cannot access `/mnt/hadoop/dfs/data/tmp/blk_5062881150956652870': No such file or directory
--------------------------------------------------------------------------------
Index: 1714867
Skor: 0.8240
Log: 081110 143153 19 WARN dfs.DataNode: org.apache.hadoop.util.Shell$ExitCodeException: du: cannot access `/mnt/hadoop/dfs/data/tmp/blk_6365703013388778393': No such file or directory
--------------------------------------------------------------------------------
Index: 469581
Skor: 0.8230
Log: 081110 143318 19 WARN dfs.DataNode: org.apache.hadoop.util.Shell$ExitCodeException: du: cannot access `/mnt/hadoop/dfs/data/tmp/blk_6524529021557367013.meta': No such file or directory
--------------------------------------------------------------------------------
